MAVLink okuma dongusu arka planda baslatiliyor...
[DroneTelemetry] Baglanti kuruluyor: udp:127.0.0.1:14550
[22310:7:0903/134725.700348:ERROR:command_buffer_proxy_impl.cc(141)] ContextResult::kTransientFailure: Failed to send GpuChannelMsg_CreateCommandBuffer.
[DroneTelemetry] Heartbeat alindi! (system=1, component=0)
[STATUSTEXT DEBUG] severity=6 text='Flight plan received'
[STATUSTEXT DEBUG] severity=6 text='Arming motors'
[STATUSTEXT DEBUG] severity=6 text='EKF3 IMU0 MAG0 in-flight yaw alignment complete'
[STATUSTEXT DEBUG] severity=6 text='EKF3 IMU1 MAG0 in-flight yaw alignment complete'
[STATUSTEXT DEBUG] severity=6 text='Mission: 1 WP'
[STATUSTEXT DEBUG] severity=6 text='Reached command #1'
[STATUSTEXT DEBUG] severity=6 text='Mission: 2 WP'
[STATUSTEXT DEBUG] severity=5 text='Circle fence breached'
[STATUSTEXT DEBUG] severity=6 text='Manual recovery started'
[STATUSTEXT DEBUG] severity=6 text='Flight plan received'
[STATUSTEXT DEBUG] severity=6 text='Arming motors'
[STATUSTEXT DEBUG] severity=6 text='Mission: 1 WP'
[STATUSTEXT DEBUG] severity=6 text='Reached command #1'
[STATUSTEXT DEBUG] severity=6 text='Mission: 2 WP'
[STATUSTEXT DEBUG] severity=6 text='Reached command #4'
[STATUSTEXT DEBUG] severity=6 text='Flight plan received'
[STATUSTEXT DEBUG] severity=6 text='Flight plan received'
[STATUSTEXT DEBUG] severity=6 text='Arming motors'
[STATUSTEXT DEBUG] severity=6 text='EKF3 IMU1 MAG0 in-flight yaw alignment complete'
[STATUSTEXT DEBUG] severity=6 text='EKF3 IMU0 MAG0 in-flight yaw alignment complete'
[STATUSTEXT DEBUG] severity=6 text='Mission: 1 WP'
[STATUSTEXT DEBUG] severity=6 text='Reached command #2'
[STATUSTEXT DEBUG] severity=6 text='Mission: 3 WP'
[STATUSTEXT DEBUG] severity=6 text='SIM Hit ground at 0.498155 m/s'
[STATUSTEXT DEBUG] severity=6 text='Disarming motors'
Pencere kapatiliyor...
