MAVLink okuma dongusu arka planda baslatiliyor...
[DroneTelemetry] Baglanti kuruluyor: udp:127.0.0.1:14550
[DroneTelemetry] Heartbeat alindi! (system=1, component=0)
[STATUSTEXT DEBUG] severity=2 text='PreArm: AHRS: waiting for home'
[STATUSTEXT DEBUG] severity=2 text='PreArm: Fence requires position'
[STATUSTEXT DEBUG] severity=6 text='EKF3 IMU1 origin set'
[STATUSTEXT DEBUG] severity=6 text='Field Elevation Set: 584m'
[STATUSTEXT DEBUG] severity=2 text='PreArm: Need Position Estimate'
[STATUSTEXT DEBUG] severity=6 text='Flight plan received'
[STATUSTEXT DEBUG] severity=2 text='PreArm: Need Position Estimate'
[STATUSTEXT DEBUG] severity=2 text='PreArm: Need Position Estimate'
[STATUSTEXT DEBUG] severity=2 text='PreArm: Need Position Estimate'
[STATUSTEXT DEBUG] severity=2 text='PreArm: Need Position Estimate'
[STATUSTEXT DEBUG] severity=2 text='Arm: Need Position Estimate'
[STATUSTEXT DEBUG] severity=6 text='EKF3 IMU0 is using GPS'
[STATUSTEXT DEBUG] severity=6 text='EKF3 IMU1 is using GPS'
[STATUSTEXT DEBUG] severity=6 text='Arming motors'
[STATUSTEXT DEBUG] severity=6 text='Mission: 1 WP'
[STATUSTEXT DEBUG] severity=6 text='Reached command #1'
[STATUSTEXT DEBUG] severity=6 text='Mission: 2 WP'
[STATUSTEXT DEBUG] severity=5 text='Circle fence breached'
[STATUSTEXT DEBUG] severity=6 text='Manual recovery started'
[STATUSTEXT DEBUG] severity=5 text='Fence breach cleared'
Pencere kapatiliyor...
